=== Surveillance nginx + audit - jeu. 16 oct. 2025 08:57:40 CEST ===
--- Activité nginx ---
Erreurs HTTP détectées: 2
--- Événements d'audit nginx ---
Événements d audit nginx: 0
=== Surveillance nginx + audit - jeu. 16 oct. 2025 08:58:42 CEST ===
--- Activité nginx ---
Erreurs HTTP détectées: 2
--- Événements d'audit nginx ---
Événements d audit nginx: 0
=== Surveillance nginx + audit - jeu. 16 oct. 2025 08:59:48 CEST ===
--- Activité nginx ---
Erreurs HTTP détectées: 2
--- Événements d'audit nginx ---
Événements d audit nginx: 0
=== Surveillance nginx + audit - jeu. 16 oct. 2025 09:00:49 CEST ===
--- Activité nginx ---
Erreurs HTTP détectées: 2
--- Événements d'audit nginx ---
Événements d audit nginx: 0
=== Surveillance nginx + audit - jeu. 16 oct. 2025 09:01:54 CEST ===
--- Activité nginx ---
Erreurs HTTP détectées: 2
--- Événements d'audit nginx ---
Événements d audit nginx: 0
=== Surveillance nginx + audit - jeu. 16 oct. 2025 09:03:07 CEST ===
--- Activité nginx ---
Erreurs HTTP détectées: 2
--- Événements d'audit nginx ---
Événements d audit nginx: 0
=== Surveillance nginx + audit - jeu. 16 oct. 2025 09:04:42 CEST ===
--- Activité nginx ---
Erreurs HTTP détectées: 2
--- Événements d'audit nginx ---
Événements d audit nginx: 0
=== Surveillance nginx + audit - jeu. 16 oct. 2025 09:06:09 CEST ===
--- Activité nginx ---
Erreurs HTTP détectées: 2
--- Événements d'audit nginx ---
Événements d audit nginx: 0
=== Surveillance nginx + audit - jeu. 16 oct. 2025 09:07:22 CEST ===
--- Activité nginx ---
Erreurs HTTP détectées: 2
--- Événements d'audit nginx ---
Événements d audit nginx: 0
=== Surveillance nginx + audit - jeu. 16 oct. 2025 09:08:29 CEST ===
--- Activité nginx ---
Erreurs HTTP détectées: 2
--- Événements d'audit nginx ---
Événements d audit nginx: 0
=== Surveillance nginx + audit - jeu. 16 oct. 2025 09:09:32 CEST ===
--- Activité nginx ---
Erreurs HTTP détectées: 2
--- Événements d'audit nginx ---
Événements d audit nginx: 0
=== Surveillance nginx + audit - jeu. 16 oct. 2025 09:10:37 CEST ===
--- Activité nginx ---
Erreurs HTTP détectées: 2
--- Événements d'audit nginx ---
Événements d audit nginx: 0
=== Surveillance nginx + audit - jeu. 16 oct. 2025 09:11:40 CEST ===
--- Activité nginx ---
Erreurs HTTP détectées: 2
--- Événements d'audit nginx ---
Événements d audit nginx: 0
=== Surveillance nginx + audit - jeu. 16 oct. 2025 09:12:42 CEST ===
--- Activité nginx ---
Erreurs HTTP détectées: 2
--- Événements d'audit nginx ---
Événements d audit nginx: 0
=== Surveillance nginx + audit - jeu. 16 oct. 2025 09:13:58 CEST ===
--- Activité nginx ---
Erreurs HTTP détectées: 2
--- Événements d'audit nginx ---
Événements d audit nginx: 0
=== Surveillance nginx + audit - jeu. 16 oct. 2025 09:15:10 CEST ===
--- Activité nginx ---
Erreurs HTTP détectées: 2
--- Événements d'audit nginx ---
Événements d audit nginx: 0
=== Surveillance nginx + audit - jeu. 16 oct. 2025 09:16:14 CEST ===
--- Activité nginx ---
Erreurs HTTP détectées: 2
--- Événements d'audit nginx ---
Événements d audit nginx: 0
=== Surveillance nginx + audit - jeu. 16 oct. 2025 09:17:39 CEST ===
--- Activité nginx ---
Erreurs HTTP détectées: 2
--- Événements d'audit nginx ---
Événements d audit nginx: 0
=== Surveillance nginx + audit - jeu. 16 oct. 2025 09:18:42 CEST ===
--- Activité nginx ---
Erreurs HTTP détectées: 2
--- Événements d'audit nginx ---
Événements d audit nginx: 0
=== Surveillance nginx + audit - jeu. 16 oct. 2025 09:20:03 CEST ===
--- Activité nginx ---
Erreurs HTTP détectées: 2
--- Événements d'audit nginx ---
Événements d audit nginx: 0
=== Surveillance nginx + audit - jeu. 16 oct. 2025 09:21:09 CEST ===
--- Activité nginx ---
Erreurs HTTP détectées: 2
--- Événements d'audit nginx ---
Événements d audit nginx: 0
=== Surveillance nginx + audit - jeu. 16 oct. 2025 09:22:22 CEST ===
--- Activité nginx ---
Erreurs HTTP détectées: 2
--- Événements d'audit nginx ---
Événements d audit nginx: 0
=== Surveillance nginx + audit - jeu. 16 oct. 2025 09:23:42 CEST ===
--- Activité nginx ---
Erreurs HTTP détectées: 2
--- Événements d'audit nginx ---
Événements d audit nginx: 0
=== Surveillance nginx + audit - jeu. 16 oct. 2025 09:25:09 CEST ===
--- Activité nginx ---
Erreurs HTTP détectées: 2
--- Événements d'audit nginx ---
Événements d audit nginx: 0
=== Surveillance nginx + audit - jeu. 16 oct. 2025 09:26:12 CEST ===
--- Activité nginx ---
Erreurs HTTP détectées: 2
--- Événements d'audit nginx ---
Événements d audit nginx: 0
=== Surveillance nginx + audit - jeu. 16 oct. 2025 09:27:39 CEST ===
--- Activité nginx ---
Erreurs HTTP détectées: 2
--- Événements d'audit nginx ---
Événements d audit nginx: 0
=== Surveillance nginx + audit - jeu. 16 oct. 2025 09:28:42 CEST ===
--- Activité nginx ---
Erreurs HTTP détectées: 2
--- Événements d'audit nginx ---
Événements d audit nginx: 0
=== Surveillance nginx + audit - jeu. 16 oct. 2025 09:30:00 CEST ===
--- Activité nginx ---
Erreurs HTTP détectées: 2
--- Événements d'audit nginx ---
Événements d audit nginx: 0
=== Surveillance nginx + audit - jeu. 16 oct. 2025 09:31:09 CEST ===
--- Activité nginx ---
Erreurs HTTP détectées: 2
--- Événements d'audit nginx ---
Événements d audit nginx: 0
=== Surveillance nginx + audit - jeu. 16 oct. 2025 09:32:17 CEST ===
--- Activité nginx ---
Erreurs HTTP détectées: 2
--- Événements d'audit nginx ---
Événements d audit nginx: 0
=== Surveillance nginx + audit - jeu. 16 oct. 2025 09:33:18 CEST ===
--- Activité nginx ---
Erreurs HTTP détectées: 2
--- Événements d'audit nginx ---
Événements d audit nginx: 0
=== Surveillance nginx + audit - jeu. 16 oct. 2025 09:34:35 CEST ===
--- Activité nginx ---
Erreurs HTTP détectées: 2
--- Événements d'audit nginx ---
Événements d audit nginx: 0
=== Surveillance nginx + audit - jeu. 16 oct. 2025 09:35:42 CEST ===
--- Activité nginx ---
Erreurs HTTP détectées: 2
--- Événements d'audit nginx ---
Événements d audit nginx: 0
=== Surveillance nginx + audit - jeu. 16 oct. 2025 09:36:52 CEST ===
--- Activité nginx ---
Erreurs HTTP détectées: 2
--- Événements d'audit nginx ---
Événements d audit nginx: 0
=== Surveillance nginx + audit - jeu. 16 oct. 2025 09:38:23 CEST ===
--- Activité nginx ---
Erreurs HTTP détectées: 2
--- Événements d'audit nginx ---
Événements d audit nginx: 0
=== Surveillance nginx + audit - jeu. 16 oct. 2025 09:39:27 CEST ===
--- Activité nginx ---
Erreurs HTTP détectées: 2
--- Événements d'audit nginx ---
Événements d audit nginx: 0
=== Surveillance nginx + audit - jeu. 16 oct. 2025 09:40:32 CEST ===
--- Activité nginx ---
Erreurs HTTP détectées: 2
--- Événements d'audit nginx ---
Événements d audit nginx: 0
=== Surveillance nginx + audit - jeu. 16 oct. 2025 09:41:38 CEST ===
--- Activité nginx ---
Erreurs HTTP détectées: 2
--- Événements d'audit nginx ---
Événements d audit nginx: 0
=== Surveillance nginx + audit - jeu. 16 oct. 2025 09:42:39 CEST ===
--- Activité nginx ---
Erreurs HTTP détectées: 2
--- Événements d'audit nginx ---
Événements d audit nginx: 0
=== Surveillance nginx + audit - jeu. 16 oct. 2025 09:43:42 CEST ===
--- Activité nginx ---
Erreurs HTTP détectées: 2
--- Événements d'audit nginx ---
Événements d audit nginx: 0
=== Surveillance nginx + audit - jeu. 16 oct. 2025 09:44:51 CEST ===
--- Activité nginx ---
Erreurs HTTP détectées: 2
--- Événements d'audit nginx ---
Événements d audit nginx: 0
=== Surveillance nginx + audit - jeu. 16 oct. 2025 09:45:56 CEST ===
--- Activité nginx ---
Erreurs HTTP détectées: 2
--- Événements d'audit nginx ---
Événements d audit nginx: 0
=== Surveillance nginx + audit - jeu. 16 oct. 2025 09:46:58 CEST ===
--- Activité nginx ---
Erreurs HTTP détectées: 2
--- Événements d'audit nginx ---
Événements d audit nginx: 0
=== Surveillance nginx + audit - jeu. 16 oct. 2025 09:48:16 CEST ===
--- Activité nginx ---
Erreurs HTTP détectées: 2
--- Événements d'audit nginx ---
Événements d audit nginx: 0
=== Surveillance nginx + audit - jeu. 16 oct. 2025 09:49:22 CEST ===
--- Activité nginx ---
Erreurs HTTP détectées: 2
--- Événements d'audit nginx ---
Événements d audit nginx: 0
=== Surveillance nginx + audit - jeu. 16 oct. 2025 09:50:32 CEST ===
--- Activité nginx ---
Erreurs HTTP détectées: 2
--- Événements d'audit nginx ---
Événements d audit nginx: 0
=== Surveillance nginx + audit - jeu. 16 oct. 2025 09:51:37 CEST ===
--- Activité nginx ---
Erreurs HTTP détectées: 2
--- Événements d'audit nginx ---
Événements d audit nginx: 0
=== Surveillance nginx + audit - jeu. 16 oct. 2025 09:52:39 CEST ===
--- Activité nginx ---
Erreurs HTTP détectées: 2
--- Événements d'audit nginx ---
Événements d audit nginx: 0
=== Surveillance nginx + audit - jeu. 16 oct. 2025 09:53:42 CEST ===
--- Activité nginx ---
Erreurs HTTP détectées: 2
--- Événements d'audit nginx ---
Événements d audit nginx: 0
=== Surveillance nginx + audit - jeu. 16 oct. 2025 09:54:52 CEST ===
--- Activité nginx ---
Erreurs HTTP détectées: 2
--- Événements d'audit nginx ---
Événements d audit nginx: 0
=== Surveillance nginx + audit - jeu. 16 oct. 2025 09:55:52 CEST ===
--- Activité nginx ---
Erreurs HTTP détectées: 2
--- Événements d'audit nginx ---
Événements d audit nginx: 0
=== Surveillance nginx + audit - jeu. 16 oct. 2025 09:56:58 CEST ===
--- Activité nginx ---
Erreurs HTTP détectées: 2
--- Événements d'audit nginx ---
Événements d audit nginx: 0
=== Surveillance nginx + audit - jeu. 16 oct. 2025 09:58:10 CEST ===
--- Activité nginx ---
Erreurs HTTP détectées: 2
--- Événements d'audit nginx ---
Événements d audit nginx: 0
=== Surveillance nginx + audit - jeu. 16 oct. 2025 09:59:41 CEST ===
--- Activité nginx ---
Erreurs HTTP détectées: 2
--- Événements d'audit nginx ---
Événements d audit nginx: 0
=== Surveillance nginx + audit - jeu. 16 oct. 2025 10:00:42 CEST ===
--- Activité nginx ---
Erreurs HTTP détectées: 2
--- Événements d'audit nginx ---
Événements d audit nginx: 0
=== Surveillance nginx + audit - jeu. 16 oct. 2025 10:01:52 CEST ===
--- Activité nginx ---
Erreurs HTTP détectées: 2
--- Événements d'audit nginx ---
Événements d audit nginx: 0
=== Surveillance nginx + audit - jeu. 16 oct. 2025 10:03:02 CEST ===
--- Activité nginx ---
Erreurs HTTP détectées: 2
--- Événements d'audit nginx ---
Événements d audit nginx: 0
=== Surveillance nginx + audit - jeu. 16 oct. 2025 10:04:14 CEST ===
--- Activité nginx ---
Erreurs HTTP détectées: 2
--- Événements d'audit nginx ---
Événements d audit nginx: 0
=== Surveillance nginx + audit - jeu. 16 oct. 2025 10:05:42 CEST ===
--- Activité nginx ---
Erreurs HTTP détectées: 2
--- Événements d'audit nginx ---
Événements d audit nginx: 0
=== Surveillance nginx + audit - jeu. 16 oct. 2025 10:07:18 CEST ===
--- Activité nginx ---
Erreurs HTTP détectées: 2
--- Événements d'audit nginx ---
Événements d audit nginx: 0
=== Surveillance nginx + audit - jeu. 16 oct. 2025 10:08:25 CEST ===
--- Activité nginx ---
Erreurs HTTP détectées: 2
--- Événements d'audit nginx ---
Événements d audit nginx: 0
=== Surveillance nginx + audit - jeu. 16 oct. 2025 10:09:34 CEST ===
--- Activité nginx ---
Erreurs HTTP détectées: 2
--- Événements d'audit nginx ---
Événements d audit nginx: 0
=== Surveillance nginx + audit - jeu. 16 oct. 2025 10:10:42 CEST ===
--- Activité nginx ---
Erreurs HTTP détectées: 2
--- Événements d'audit nginx ---
Événements d audit nginx: 0
=== Surveillance nginx + audit - jeu. 16 oct. 2025 10:11:51 CEST ===
--- Activité nginx ---
Erreurs HTTP détectées: 2
--- Événements d'audit nginx ---
Événements d audit nginx: 0
=== Surveillance nginx + audit - jeu. 16 oct. 2025 10:13:16 CEST ===
--- Activité nginx ---
Erreurs HTTP détectées: 2
--- Événements d'audit nginx ---
Événements d audit nginx: 0
=== Surveillance nginx + audit - jeu. 16 oct. 2025 10:14:42 CEST ===
--- Activité nginx ---
Erreurs HTTP détectées: 2
--- Événements d'audit nginx ---
Événements d audit nginx: 0
=== Surveillance nginx + audit - jeu. 16 oct. 2025 10:15:52 CEST ===
--- Activité nginx ---
Erreurs HTTP détectées: 2
--- Événements d'audit nginx ---
Événements d audit nginx: 0
=== Surveillance nginx + audit - jeu. 16 oct. 2025 10:17:02 CEST ===
--- Activité nginx ---
Erreurs HTTP détectées: 2
--- Événements d'audit nginx ---
Événements d audit nginx: 0
=== Surveillance nginx + audit - jeu. 16 oct. 2025 10:18:12 CEST ===
--- Activité nginx ---
Erreurs HTTP détectées: 2
--- Événements d'audit nginx ---
Événements d audit nginx: 0
=== Surveillance nginx + audit - jeu. 16 oct. 2025 10:19:22 CEST ===
--- Activité nginx ---
Erreurs HTTP détectées: 2
--- Événements d'audit nginx ---
Événements d audit nginx: 0
=== Surveillance nginx + audit - jeu. 16 oct. 2025 10:20:32 CEST ===
--- Activité nginx ---
Erreurs HTTP détectées: 2
--- Événements d'audit nginx ---
Événements d audit nginx: 0
=== Surveillance nginx + audit - jeu. 16 oct. 2025 10:21:42 CEST ===
--- Activité nginx ---
Erreurs HTTP détectées: 2
--- Événements d'audit nginx ---
Événements d audit nginx: 0
=== Surveillance nginx + audit - jeu. 16 oct. 2025 10:22:52 CEST ===
--- Activité nginx ---
Erreurs HTTP détectées: 2
--- Événements d'audit nginx ---
Événements d audit nginx: 0
=== Surveillance nginx + audit - jeu. 16 oct. 2025 10:24:02 CEST ===
--- Activité nginx ---
Erreurs HTTP détectées: 2
--- Événements d'audit nginx ---
Événements d audit nginx: 0
=== Surveillance nginx + audit - jeu. 16 oct. 2025 10:25:09 CEST ===
--- Activité nginx ---
Erreurs HTTP détectées: 2
--- Événements d'audit nginx ---
Événements d audit nginx: 0
=== Surveillance nginx + audit - jeu. 16 oct. 2025 10:26:22 CEST ===
--- Activité nginx ---
Erreurs HTTP détectées: 2
--- Événements d'audit nginx ---
Événements d audit nginx: 0
=== Surveillance nginx + audit - jeu. 16 oct. 2025 10:27:32 CEST ===
--- Activité nginx ---
Erreurs HTTP détectées: 2
--- Événements d'audit nginx ---
Événements d audit nginx: 0
=== Surveillance nginx + audit - jeu. 16 oct. 2025 10:28:40 CEST ===
--- Activité nginx ---
Erreurs HTTP détectées: 2
--- Événements d'audit nginx ---
Événements d audit nginx: 0
=== Surveillance nginx + audit - jeu. 16 oct. 2025 10:29:42 CEST ===
--- Activité nginx ---
Erreurs HTTP détectées: 2
--- Événements d'audit nginx ---
Événements d audit nginx: 0
=== Surveillance nginx + audit - jeu. 16 oct. 2025 10:30:57 CEST ===
--- Activité nginx ---
Erreurs HTTP détectées: 2
--- Événements d'audit nginx ---
Événements d audit nginx: 0
=== Surveillance nginx + audit - jeu. 16 oct. 2025 10:32:29 CEST ===
--- Activité nginx ---
Erreurs HTTP détectées: 2
--- Événements d'audit nginx ---
Événements d audit nginx: 0
=== Surveillance nginx + audit - jeu. 16 oct. 2025 10:33:42 CEST ===
--- Activité nginx ---
Erreurs HTTP détectées: 2
--- Événements d'audit nginx ---
Événements d audit nginx: 0
=== Surveillance nginx + audit - jeu. 16 oct. 2025 10:34:46 CEST ===
--- Activité nginx ---
Erreurs HTTP détectées: 2
--- Événements d'audit nginx ---
Événements d audit nginx: 0
=== Surveillance nginx + audit - jeu. 16 oct. 2025 10:36:09 CEST ===
--- Activité nginx ---
Erreurs HTTP détectées: 2
--- Événements d'audit nginx ---
Événements d audit nginx: 0
=== Surveillance nginx + audit - jeu. 16 oct. 2025 10:37:39 CEST ===
--- Activité nginx ---
Erreurs HTTP détectées: 2
--- Événements d'audit nginx ---
Événements d audit nginx: 0
=== Surveillance nginx + audit - jeu. 16 oct. 2025 10:38:42 CEST ===
--- Activité nginx ---
Erreurs HTTP détectées: 2
--- Événements d'audit nginx ---
Événements d audit nginx: 0
=== Surveillance nginx + audit - jeu. 16 oct. 2025 10:40:02 CEST ===
--- Activité nginx ---
Erreurs HTTP détectées: 2
--- Événements d'audit nginx ---
Événements d audit nginx: 0
=== Surveillance nginx + audit - jeu. 16 oct. 2025 10:41:09 CEST ===
--- Activité nginx ---
Erreurs HTTP détectées: 2
--- Événements d'audit nginx ---
Événements d audit nginx: 0
=== Surveillance nginx + audit - jeu. 16 oct. 2025 10:42:22 CEST ===
--- Activité nginx ---
Erreurs HTTP détectées: 2
--- Événements d'audit nginx ---
Événements d audit nginx: 0
=== Surveillance nginx + audit - jeu. 16 oct. 2025 10:43:32 CEST ===
--- Activité nginx ---
Erreurs HTTP détectées: 2
--- Événements d'audit nginx ---
Événements d audit nginx: 0
=== Surveillance nginx + audit - jeu. 16 oct. 2025 10:44:39 CEST ===
--- Activité nginx ---
Erreurs HTTP détectées: 2
--- Événements d'audit nginx ---
Événements d audit nginx: 0
=== Surveillance nginx + audit - jeu. 16 oct. 2025 10:45:42 CEST ===
--- Activité nginx ---
Erreurs HTTP détectées: 2
--- Événements d'audit nginx ---
Événements d audit nginx: 0
=== Surveillance nginx + audit - jeu. 16 oct. 2025 10:46:57 CEST ===
--- Activité nginx ---
Erreurs HTTP détectées: 2
--- Événements d'audit nginx ---
Événements d audit nginx: 0
=== Surveillance nginx + audit - jeu. 16 oct. 2025 10:48:12 CEST ===
--- Activité nginx ---
Erreurs HTTP détectées: 2
--- Événements d'audit nginx ---
Événements d audit nginx: 0
=== Surveillance nginx + audit - jeu. 16 oct. 2025 10:49:14 CEST ===
--- Activité nginx ---
Erreurs HTTP détectées: 2
--- Événements d'audit nginx ---
Événements d audit nginx: 0
=== Surveillance nginx + audit - jeu. 16 oct. 2025 10:50:32 CEST ===
--- Activité nginx ---
Erreurs HTTP détectées: 2
--- Événements d'audit nginx ---
Événements d audit nginx: 0
=== Surveillance nginx + audit - jeu. 16 oct. 2025 10:51:42 CEST ===
--- Activité nginx ---
Erreurs HTTP détectées: 2
--- Événements d'audit nginx ---
Événements d audit nginx: 0
=== Surveillance nginx + audit - jeu. 16 oct. 2025 10:52:52 CEST ===
--- Activité nginx ---
Erreurs HTTP détectées: 2
--- Événements d'audit nginx ---
Événements d audit nginx: 0
=== Surveillance nginx + audit - jeu. 16 oct. 2025 10:54:02 CEST ===
--- Activité nginx ---
Erreurs HTTP détectées: 2
--- Événements d'audit nginx ---
Événements d audit nginx: 0
=== Surveillance nginx + audit - jeu. 16 oct. 2025 10:55:09 CEST ===
--- Activité nginx ---
Erreurs HTTP détectées: 2
--- Événements d'audit nginx ---
Événements d audit nginx: 0
=== Surveillance nginx + audit - jeu. 16 oct. 2025 10:56:22 CEST ===
--- Activité nginx ---
Erreurs HTTP détectées: 2
--- Événements d'audit nginx ---
Événements d audit nginx: 0
=== Surveillance nginx + audit - jeu. 16 oct. 2025 10:57:32 CEST ===
--- Activité nginx ---
Erreurs HTTP détectées: 2
--- Événements d'audit nginx ---
Événements d audit nginx: 0
=== Surveillance nginx + audit - jeu. 16 oct. 2025 10:58:42 CEST ===
--- Activité nginx ---
Erreurs HTTP détectées: 2
--- Événements d'audit nginx ---
Événements d audit nginx: 0
=== Surveillance nginx + audit - jeu. 16 oct. 2025 10:59:52 CEST ===
--- Activité nginx ---
Erreurs HTTP détectées: 2
--- Événements d'audit nginx ---
Événements d audit nginx: 0
=== Surveillance nginx + audit - jeu. 16 oct. 2025 11:01:02 CEST ===
--- Activité nginx ---
Erreurs HTTP détectées: 2
--- Événements d'audit nginx ---
Événements d audit nginx: 0
=== Surveillance nginx + audit - jeu. 16 oct. 2025 11:02:12 CEST ===
--- Activité nginx ---
Erreurs HTTP détectées: 2
--- Événements d'audit nginx ---
Événements d audit nginx: 0
=== Surveillance nginx + audit - jeu. 16 oct. 2025 11:03:22 CEST ===
--- Activité nginx ---
Erreurs HTTP détectées: 2
--- Événements d'audit nginx ---
Événements d audit nginx: 0
=== Surveillance nginx + audit - jeu. 16 oct. 2025 11:25:07 CEST ===
--- Activité nginx ---
Erreurs HTTP détectées: 2
--- Événements d'audit nginx ---
Événements d audit nginx: 0
=== Surveillance nginx + audit - jeu. 16 oct. 2025 11:26:21 CEST ===
--- Activité nginx ---
Erreurs HTTP détectées: 2
--- Événements d'audit nginx ---
Événements d audit nginx: 0
=== Surveillance nginx + audit - jeu. 16 oct. 2025 11:27:23 CEST ===
--- Activité nginx ---
Erreurs HTTP détectées: 2
--- Événements d'audit nginx ---
Événements d audit nginx: 0
=== Surveillance nginx + audit - jeu. 16 oct. 2025 11:28:55 CEST ===
--- Activité nginx ---
Erreurs HTTP détectées: 2
--- Événements d'audit nginx ---
Événements d audit nginx: 0
=== Surveillance nginx + audit - jeu. 16 oct. 2025 11:30:01 CEST ===
--- Activité nginx ---
Erreurs HTTP détectées: 2
--- Événements d'audit nginx ---
Événements d audit nginx: 0
=== Surveillance nginx + audit - jeu. 16 oct. 2025 11:31:12 CEST ===
--- Activité nginx ---
Erreurs HTTP détectées: 2
--- Événements d'audit nginx ---
Événements d audit nginx: 0
=== Surveillance nginx + audit - jeu. 16 oct. 2025 11:32:21 CEST ===
--- Activité nginx ---
Erreurs HTTP détectées: 2
--- Événements d'audit nginx ---
Événements d audit nginx: 0
=== Surveillance nginx + audit - jeu. 16 oct. 2025 11:33:27 CEST ===
--- Activité nginx ---
Erreurs HTTP détectées: 2
--- Événements d'audit nginx ---
Événements d audit nginx: 0
=== Surveillance nginx + audit - jeu. 16 oct. 2025 11:34:41 CEST ===
--- Activité nginx ---
Erreurs HTTP détectées: 2
--- Événements d'audit nginx ---
Événements d audit nginx: 0
=== Surveillance nginx + audit - jeu. 16 oct. 2025 11:35:45 CEST ===
--- Activité nginx ---
Erreurs HTTP détectées: 2
--- Événements d'audit nginx ---
Événements d audit nginx: 0
=== Surveillance nginx + audit - jeu. 16 oct. 2025 11:36:48 CEST ===
--- Activité nginx ---
Erreurs HTTP détectées: 2
--- Événements d'audit nginx ---
Événements d audit nginx: 0
=== Surveillance nginx + audit - jeu. 16 oct. 2025 11:38:01 CEST ===
--- Activité nginx ---
Erreurs HTTP détectées: 2
--- Événements d'audit nginx ---
Événements d audit nginx: 0
=== Surveillance nginx + audit - jeu. 16 oct. 2025 11:39:21 CEST ===
--- Activité nginx ---
Erreurs HTTP détectées: 2
--- Événements d'audit nginx ---
Événements d audit nginx: 0
=== Surveillance nginx + audit - jeu. 16 oct. 2025 11:40:31 CEST ===
--- Activité nginx ---
Erreurs HTTP détectées: 2
--- Événements d'audit nginx ---
Événements d audit nginx: 0
=== Surveillance nginx + audit - jeu. 16 oct. 2025 11:41:48 CEST ===
--- Activité nginx ---
Erreurs HTTP détectées: 2
--- Événements d'audit nginx ---
Événements d audit nginx: 0
=== Surveillance nginx + audit - jeu. 16 oct. 2025 11:43:11 CEST ===
--- Activité nginx ---
Erreurs HTTP détectées: 2
--- Événements d'audit nginx ---
Événements d audit nginx: 0
=== Surveillance nginx + audit - jeu. 16 oct. 2025 11:44:21 CEST ===
--- Activité nginx ---
Erreurs HTTP détectées: 2
--- Événements d'audit nginx ---
Événements d audit nginx: 0
=== Surveillance nginx + audit - jeu. 16 oct. 2025 11:45:31 CEST ===
--- Activité nginx ---
Erreurs HTTP détectées: 2
--- Événements d'audit nginx ---
Événements d audit nginx: 0
=== Surveillance nginx + audit - jeu. 16 oct. 2025 11:46:41 CEST ===
--- Activité nginx ---
Erreurs HTTP détectées: 2
--- Événements d'audit nginx ---
Événements d audit nginx: 0
=== Surveillance nginx + audit - jeu. 16 oct. 2025 11:47:51 CEST ===
--- Activité nginx ---
Erreurs HTTP détectées: 2
--- Événements d'audit nginx ---
Événements d audit nginx: 0
=== Surveillance nginx + audit - jeu. 16 oct. 2025 11:49:01 CEST ===
--- Activité nginx ---
Erreurs HTTP détectées: 2
--- Événements d'audit nginx ---
Événements d audit nginx: 0
=== Surveillance nginx + audit - jeu. 16 oct. 2025 11:50:11 CEST ===
--- Activité nginx ---
Erreurs HTTP détectées: 2
--- Événements d'audit nginx ---
Événements d audit nginx: 0
=== Surveillance nginx + audit - jeu. 16 oct. 2025 11:51:21 CEST ===
--- Activité nginx ---
Erreurs HTTP détectées: 2
--- Événements d'audit nginx ---
Événements d audit nginx: 0
=== Surveillance nginx + audit - jeu. 16 oct. 2025 11:52:28 CEST ===
--- Activité nginx ---
Erreurs HTTP détectées: 2
--- Événements d'audit nginx ---
Événements d audit nginx: 0
=== Surveillance nginx + audit - jeu. 16 oct. 2025 11:53:41 CEST ===
--- Activité nginx ---
Erreurs HTTP détectées: 2
--- Événements d'audit nginx ---
Événements d audit nginx: 0
=== Surveillance nginx + audit - jeu. 16 oct. 2025 11:54:46 CEST ===
--- Activité nginx ---
Erreurs HTTP détectées: 2
--- Événements d'audit nginx ---
Événements d audit nginx: 0
=== Surveillance nginx + audit - jeu. 16 oct. 2025 11:55:48 CEST ===
--- Activité nginx ---
Erreurs HTTP détectées: 2
--- Événements d'audit nginx ---
Événements d audit nginx: 0
=== Surveillance nginx + audit - jeu. 16 oct. 2025 11:57:02 CEST ===
--- Activité nginx ---
Erreurs HTTP détectées: 2
--- Événements d'audit nginx ---
Événements d audit nginx: 0
=== Surveillance nginx + audit - jeu. 16 oct. 2025 11:58:18 CEST ===
--- Activité nginx ---
Erreurs HTTP détectées: 2
--- Événements d'audit nginx ---
Événements d audit nginx: 0
=== Surveillance nginx + audit - jeu. 16 oct. 2025 11:59:20 CEST ===
--- Activité nginx ---
Erreurs HTTP détectées: 2
--- Événements d'audit nginx ---
Événements d audit nginx: 0
=== Surveillance nginx + audit - jeu. 16 oct. 2025 12:00:21 CEST ===
--- Activité nginx ---
Erreurs HTTP détectées: 2
--- Événements d'audit nginx ---
Événements d audit nginx: 0
=== Surveillance nginx + audit - jeu. 16 oct. 2025 12:01:38 CEST ===
--- Activité nginx ---
Erreurs HTTP détectées: 2
--- Événements d'audit nginx ---
Événements d audit nginx: 0
=== Surveillance nginx + audit - jeu. 16 oct. 2025 12:03:01 CEST ===
--- Activité nginx ---
Erreurs HTTP détectées: 2
--- Événements d'audit nginx ---
Événements d audit nginx: 0
=== Surveillance nginx + audit - jeu. 16 oct. 2025 12:04:11 CEST ===
--- Activité nginx ---
Erreurs HTTP détectées: 2
--- Événements d'audit nginx ---
Événements d audit nginx: 0
=== Surveillance nginx + audit - jeu. 16 oct. 2025 12:05:21 CEST ===
--- Activité nginx ---
Erreurs HTTP détectées: 2
--- Événements d'audit nginx ---
Événements d audit nginx: 0
=== Surveillance nginx + audit - jeu. 16 oct. 2025 12:06:31 CEST ===
--- Activité nginx ---
Erreurs HTTP détectées: 2
--- Événements d'audit nginx ---
Événements d audit nginx: 0
=== Surveillance nginx + audit - jeu. 16 oct. 2025 13:05:27 CEST ===
--- Activité nginx ---
Erreurs HTTP détectées: 2
--- Événements d'audit nginx ---
Événements d audit nginx: 0
=== Surveillance nginx + audit - jeu. 16 oct. 2025 13:07:06 CEST ===
--- Activité nginx ---
Erreurs HTTP détectées: 2
--- Événements d'audit nginx ---
Événements d audit nginx: 0
=== Surveillance nginx + audit - jeu. 16 oct. 2025 13:08:10 CEST ===
--- Activité nginx ---
Erreurs HTTP détectées: 2
--- Événements d'audit nginx ---
Événements d audit nginx: 0
=== Surveillance nginx + audit - jeu. 16 oct. 2025 13:09:15 CEST ===
--- Activité nginx ---
Erreurs HTTP détectées: 2
--- Événements d'audit nginx ---
Événements d audit nginx: 0
=== Surveillance nginx + audit - jeu. 16 oct. 2025 13:10:26 CEST ===
--- Activité nginx ---
Erreurs HTTP détectées: 2
--- Événements d'audit nginx ---
Événements d audit nginx: 0
=== Surveillance nginx + audit - jeu. 16 oct. 2025 13:11:36 CEST ===
--- Activité nginx ---
Erreurs HTTP détectées: 2
--- Événements d'audit nginx ---
Événements d audit nginx: 0
=== Surveillance nginx + audit - jeu. 16 oct. 2025 13:13:15 CEST ===
--- Activité nginx ---
Erreurs HTTP détectées: 2
--- Événements d'audit nginx ---
Événements d audit nginx: 0
=== Surveillance nginx + audit - jeu. 16 oct. 2025 13:14:42 CEST ===
--- Activité nginx ---
Erreurs HTTP détectées: 2
--- Événements d'audit nginx ---
Événements d audit nginx: 0
=== Surveillance nginx + audit - jeu. 16 oct. 2025 13:15:55 CEST ===
--- Activité nginx ---
Erreurs HTTP détectées: 2
--- Événements d'audit nginx ---
Événements d audit nginx: 0
=== Surveillance nginx + audit - jeu. 16 oct. 2025 13:17:05 CEST ===
--- Activité nginx ---
Erreurs HTTP détectées: 2
--- Événements d'audit nginx ---
Événements d audit nginx: 0
=== Surveillance nginx + audit - jeu. 16 oct. 2025 13:18:15 CEST ===
--- Activité nginx ---
Erreurs HTTP détectées: 2
--- Événements d'audit nginx ---
Événements d audit nginx: 0
=== Surveillance nginx + audit - jeu. 16 oct. 2025 13:19:23 CEST ===
--- Activité nginx ---
Erreurs HTTP détectées: 2
--- Événements d'audit nginx ---
Événements d audit nginx: 0
=== Surveillance nginx + audit - jeu. 16 oct. 2025 13:20:55 CEST ===
--- Activité nginx ---
Erreurs HTTP détectées: 2
--- Événements d'audit nginx ---
Événements d audit nginx: 0
=== Surveillance nginx + audit - jeu. 16 oct. 2025 13:22:15 CEST ===
--- Activité nginx ---
Erreurs HTTP détectées: 2
--- Événements d'audit nginx ---
Événements d audit nginx: 0
=== Surveillance nginx + audit - jeu. 16 oct. 2025 13:23:35 CEST ===
--- Activité nginx ---
Erreurs HTTP détectées: 2
--- Événements d'audit nginx ---
Événements d audit nginx: 0
=== Surveillance nginx + audit - jeu. 16 oct. 2025 13:24:42 CEST ===
--- Activité nginx ---
Erreurs HTTP détectées: 2
--- Événements d'audit nginx ---
Événements d audit nginx: 0
=== Surveillance nginx + audit - jeu. 16 oct. 2025 13:26:12 CEST ===
--- Activité nginx ---
Erreurs HTTP détectées: 2
--- Événements d'audit nginx ---
Événements d audit nginx: 0
=== Surveillance nginx + audit - jeu. 16 oct. 2025 13:27:15 CEST ===
--- Activité nginx ---
Erreurs HTTP détectées: 2
--- Événements d'audit nginx ---
Événements d audit nginx: 0
=== Surveillance nginx + audit - jeu. 16 oct. 2025 13:28:35 CEST ===
--- Activité nginx ---
Erreurs HTTP détectées: 2
--- Événements d'audit nginx ---
Événements d audit nginx: 0
=== Surveillance nginx + audit - jeu. 16 oct. 2025 13:29:42 CEST ===
--- Activité nginx ---
Erreurs HTTP détectées: 2
--- Événements d'audit nginx ---
Événements d audit nginx: 0
=== Surveillance nginx + audit - jeu. 16 oct. 2025 13:30:51 CEST ===
--- Activité nginx ---
Erreurs HTTP détectées: 2
--- Événements d'audit nginx ---
Événements d audit nginx: 0
=== Surveillance nginx + audit - jeu. 16 oct. 2025 13:32:05 CEST ===
--- Activité nginx ---
Erreurs HTTP détectées: 2
--- Événements d'audit nginx ---
Événements d audit nginx: 0
=== Surveillance nginx + audit - jeu. 16 oct. 2025 13:33:10 CEST ===
--- Activité nginx ---
Erreurs HTTP détectées: 2
--- Événements d'audit nginx ---
Événements d audit nginx: 0
=== Surveillance nginx + audit - jeu. 16 oct. 2025 13:34:15 CEST ===
--- Activité nginx ---
Erreurs HTTP détectées: 2
--- Événements d'audit nginx ---
Événements d audit nginx: 0
=== Surveillance nginx + audit - jeu. 16 oct. 2025 13:35:28 CEST ===
--- Activité nginx ---
Erreurs HTTP détectées: 2
--- Événements d'audit nginx ---
Événements d audit nginx: 0
=== Surveillance nginx + audit - jeu. 16 oct. 2025 13:36:45 CEST ===
--- Activité nginx ---
Erreurs HTTP détectées: 2
--- Événements d'audit nginx ---
Événements d audit nginx: 0
=== Surveillance nginx + audit - jeu. 16 oct. 2025 13:37:55 CEST ===
--- Activité nginx ---
Erreurs HTTP détectées: 2
--- Événements d'audit nginx ---
Événements d audit nginx: 0
=== Surveillance nginx + audit - jeu. 16 oct. 2025 13:39:05 CEST ===
--- Activité nginx ---
Erreurs HTTP détectées: 2
--- Événements d'audit nginx ---
Événements d audit nginx: 0
=== Surveillance nginx + audit - jeu. 16 oct. 2025 13:40:15 CEST ===
--- Activité nginx ---
Erreurs HTTP détectées: 2
--- Événements d'audit nginx ---
Événements d audit nginx: 0
=== Surveillance nginx + audit - jeu. 16 oct. 2025 13:41:25 CEST ===
--- Activité nginx ---
Erreurs HTTP détectées: 2
--- Événements d'audit nginx ---
Événements d audit nginx: 0
=== Surveillance nginx + audit - jeu. 16 oct. 2025 13:43:06 CEST ===
--- Activité nginx ---
Erreurs HTTP détectées: 2
--- Événements d'audit nginx ---
Événements d audit nginx: 0
=== Surveillance nginx + audit - jeu. 16 oct. 2025 13:44:15 CEST ===
--- Activité nginx ---
Erreurs HTTP détectées: 2
--- Événements d'audit nginx ---
Événements d audit nginx: 0
=== Surveillance nginx + audit - jeu. 16 oct. 2025 13:45:24 CEST ===
--- Activité nginx ---
Erreurs HTTP détectées: 2
--- Événements d'audit nginx ---
Événements d audit nginx: 0
=== Surveillance nginx + audit - jeu. 16 oct. 2025 13:46:54 CEST ===
--- Activité nginx ---
Erreurs HTTP détectées: 2
--- Événements d'audit nginx ---
Événements d audit nginx: 0
=== Surveillance nginx + audit - jeu. 16 oct. 2025 13:48:06 CEST ===
--- Activité nginx ---
Erreurs HTTP détectées: 2
--- Événements d'audit nginx ---
Événements d audit nginx: 0
=== Surveillance nginx + audit - jeu. 16 oct. 2025 13:49:11 CEST ===
--- Activité nginx ---
Erreurs HTTP détectées: 2
--- Événements d'audit nginx ---
Événements d audit nginx: 0
=== Surveillance nginx + audit - jeu. 16 oct. 2025 13:50:16 CEST ===
--- Activité nginx ---
Erreurs HTTP détectées: 2
--- Événements d'audit nginx ---
Événements d audit nginx: 0
=== Surveillance nginx + audit - jeu. 16 oct. 2025 13:51:30 CEST ===
--- Activité nginx ---
Erreurs HTTP détectées: 2
--- Événements d'audit nginx ---
Événements d audit nginx: 0
=== Surveillance nginx + audit - jeu. 16 oct. 2025 13:52:46 CEST ===
--- Activité nginx ---
Erreurs HTTP détectées: 2
--- Événements d'audit nginx ---
Événements d audit nginx: 0
=== Surveillance nginx + audit - jeu. 16 oct. 2025 13:53:46 CEST ===
--- Activité nginx ---
Erreurs HTTP détectées: 2
--- Événements d'audit nginx ---
Événements d audit nginx: 0
=== Surveillance nginx + audit - jeu. 16 oct. 2025 13:55:01 CEST ===
--- Activité nginx ---
Erreurs HTTP détectées: 2
--- Événements d'audit nginx ---
Événements d audit nginx: 0
=== Surveillance nginx + audit - jeu. 16 oct. 2025 13:56:03 CEST ===
--- Activité nginx ---
Erreurs HTTP détectées: 2
--- Événements d'audit nginx ---
Événements d audit nginx: 0
=== Surveillance nginx + audit - jeu. 16 oct. 2025 13:57:15 CEST ===
--- Activité nginx ---
Erreurs HTTP détectées: 2
--- Événements d'audit nginx ---
Événements d audit nginx: 0
=== Surveillance nginx + audit - jeu. 16 oct. 2025 13:58:20 CEST ===
--- Activité nginx ---
Erreurs HTTP détectées: 2
--- Événements d'audit nginx ---
Événements d audit nginx: 0
=== Surveillance nginx + audit - jeu. 16 oct. 2025 13:59:42 CEST ===
--- Activité nginx ---
Erreurs HTTP détectées: 2
--- Événements d'audit nginx ---
Événements d audit nginx: 0
=== Surveillance nginx + audit - jeu. 16 oct. 2025 14:00:55 CEST ===
--- Activité nginx ---
Erreurs HTTP détectées: 3
--- Événements d'audit nginx ---
Événements d audit nginx: 0
=== Surveillance nginx + audit - jeu. 16 oct. 2025 14:02:05 CEST ===
--- Activité nginx ---
Erreurs HTTP détectées: 4
--- Événements d'audit nginx ---
Événements d audit nginx: 1
=== Surveillance nginx + audit - jeu. 16 oct. 2025 14:03:15 CEST ===
--- Activité nginx ---
Erreurs HTTP détectées: 4
--- Événements d'audit nginx ---
Événements d audit nginx: 1
=== Surveillance nginx + audit - jeu. 16 oct. 2025 14:04:25 CEST ===
--- Activité nginx ---
Erreurs HTTP détectées: 4
--- Événements d'audit nginx ---
Événements d audit nginx: 1
=== Surveillance nginx + audit - jeu. 16 oct. 2025 14:05:35 CEST ===
--- Activité nginx ---
Erreurs HTTP détectées: 4
--- Événements d'audit nginx ---
Événements d audit nginx: 1
=== Surveillance nginx + audit - jeu. 16 oct. 2025 14:06:45 CEST ===
--- Activité nginx ---
Erreurs HTTP détectées: 4
--- Événements d'audit nginx ---
Événements d audit nginx: 1
=== Surveillance nginx + audit - jeu. 16 oct. 2025 14:07:55 CEST ===
--- Activité nginx ---
Erreurs HTTP détectées: 4
--- Événements d'audit nginx ---
Événements d audit nginx: 1
=== Surveillance nginx + audit - jeu. 16 oct. 2025 14:09:03 CEST ===
--- Activité nginx ---
Erreurs HTTP détectées: 4
--- Événements d'audit nginx ---
Événements d audit nginx: 1
=== Surveillance nginx + audit - jeu. 16 oct. 2025 14:10:15 CEST ===
--- Activité nginx ---
Erreurs HTTP détectées: 4
--- Événements d'audit nginx ---
Événements d audit nginx: 1
=== Surveillance nginx + audit - jeu. 16 oct. 2025 14:11:19 CEST ===
--- Activité nginx ---
Erreurs HTTP détectées: 4
--- Événements d'audit nginx ---
Événements d audit nginx: 4
=== Surveillance nginx + audit - jeu. 16 oct. 2025 14:12:35 CEST ===
--- Activité nginx ---
Erreurs HTTP détectées: 4
--- Événements d'audit nginx ---
Événements d audit nginx: 7
=== Surveillance nginx + audit - jeu. 16 oct. 2025 14:13:36 CEST ===
--- Activité nginx ---
Erreurs HTTP détectées: 4
--- Événements d'audit nginx ---
Événements d audit nginx: 11
=== Surveillance nginx + audit - jeu. 16 oct. 2025 14:14:42 CEST ===
--- Activité nginx ---
Erreurs HTTP détectées: 4
--- Événements d'audit nginx ---
Événements d audit nginx: 13
=== Surveillance nginx + audit - jeu. 16 oct. 2025 14:15:53 CEST ===
--- Activité nginx ---
Erreurs HTTP détectées: 4
--- Événements d'audit nginx ---
Événements d audit nginx: 14
=== Surveillance nginx + audit - jeu. 16 oct. 2025 14:17:15 CEST ===
--- Activité nginx ---
Erreurs HTTP détectées: 4
--- Événements d'audit nginx ---
Événements d audit nginx: 15
=== Surveillance nginx + audit - jeu. 16 oct. 2025 14:18:43 CEST ===
--- Activité nginx ---
Erreurs HTTP détectées: 4
--- Événements d'audit nginx ---
Événements d audit nginx: 16
=== Surveillance nginx + audit - jeu. 16 oct. 2025 14:19:55 CEST ===
--- Activité nginx ---
Erreurs HTTP détectées: 4
--- Événements d'audit nginx ---
Événements d audit nginx: 17
=== Surveillance nginx + audit - jeu. 16 oct. 2025 14:21:06 CEST ===
--- Activité nginx ---
Erreurs HTTP détectées: 4
--- Événements d'audit nginx ---
Événements d audit nginx: 18
=== Surveillance nginx + audit - jeu. 16 oct. 2025 14:22:16 CEST ===
--- Activité nginx ---
Erreurs HTTP détectées: 4
--- Événements d'audit nginx ---
Événements d audit nginx: 19
=== Surveillance nginx + audit - jeu. 16 oct. 2025 14:23:25 CEST ===
--- Activité nginx ---
Erreurs HTTP détectées: 4
--- Événements d'audit nginx ---
Événements d audit nginx: 20
=== Surveillance nginx + audit - jeu. 16 oct. 2025 14:24:35 CEST ===
--- Activité nginx ---
Erreurs HTTP détectées: 4
--- Événements d'audit nginx ---
Événements d audit nginx: 21
=== Surveillance nginx + audit - jeu. 16 oct. 2025 14:25:45 CEST ===
--- Activité nginx ---
Erreurs HTTP détectées: 4
--- Événements d'audit nginx ---
Événements d audit nginx: 22
=== Surveillance nginx + audit - jeu. 16 oct. 2025 14:26:55 CEST ===
--- Activité nginx ---
Erreurs HTTP détectées: 4
--- Événements d'audit nginx ---
Événements d audit nginx: 23
=== Surveillance nginx + audit - jeu. 16 oct. 2025 14:28:04 CEST ===
--- Activité nginx ---
Erreurs HTTP détectées: 4
--- Événements d'audit nginx ---
Événements d audit nginx: 24
=== Surveillance nginx + audit - jeu. 16 oct. 2025 14:29:16 CEST ===
--- Activité nginx ---
Erreurs HTTP détectées: 4
--- Événements d'audit nginx ---
Événements d audit nginx: 25
=== Surveillance nginx + audit - jeu. 16 oct. 2025 14:30:21 CEST ===
--- Activité nginx ---
Erreurs HTTP détectées: 4
--- Événements d'audit nginx ---
Événements d audit nginx: 26
=== Surveillance nginx + audit - jeu. 16 oct. 2025 14:31:22 CEST ===
--- Activité nginx ---
Erreurs HTTP détectées: 4
--- Événements d'audit nginx ---
Événements d audit nginx: 27
=== Surveillance nginx + audit - jeu. 16 oct. 2025 14:32:23 CEST ===
--- Activité nginx ---
Erreurs HTTP détectées: 4
--- Événements d'audit nginx ---
Événements d audit nginx: 28
=== Surveillance nginx + audit - jeu. 16 oct. 2025 14:33:23 CEST ===
--- Activité nginx ---
Erreurs HTTP détectées: 4
--- Événements d'audit nginx ---
Événements d audit nginx: 29
=== Surveillance nginx + audit - jeu. 16 oct. 2025 14:34:42 CEST ===
--- Activité nginx ---
Erreurs HTTP détectées: 4
--- Événements d'audit nginx ---
Événements d audit nginx: 30
=== Surveillance nginx + audit - jeu. 16 oct. 2025 14:36:12 CEST ===
--- Activité nginx ---
Erreurs HTTP détectées: 4
--- Événements d'audit nginx ---
Événements d audit nginx: 31
=== Surveillance nginx + audit - jeu. 16 oct. 2025 14:37:15 CEST ===
--- Activité nginx ---
Erreurs HTTP détectées: 4
--- Événements d'audit nginx ---
Événements d audit nginx: 32
=== Surveillance nginx + audit - jeu. 16 oct. 2025 14:38:35 CEST ===
--- Activité nginx ---
Erreurs HTTP détectées: 4
--- Événements d'audit nginx ---
Événements d audit nginx: 33
=== Surveillance nginx + audit - jeu. 16 oct. 2025 14:39:42 CEST ===
--- Activité nginx ---
Erreurs HTTP détectées: 4
--- Événements d'audit nginx ---
Événements d audit nginx: 34
=== Surveillance nginx + audit - jeu. 16 oct. 2025 14:40:55 CEST ===
--- Activité nginx ---
Erreurs HTTP détectées: 4
--- Événements d'audit nginx ---
Événements d audit nginx: 35
=== Surveillance nginx + audit - jeu. 16 oct. 2025 14:42:06 CEST ===
--- Activité nginx ---
Erreurs HTTP détectées: 4
--- Événements d'audit nginx ---
Événements d audit nginx: 36
=== Surveillance nginx + audit - jeu. 16 oct. 2025 14:43:15 CEST ===
--- Activité nginx ---
Erreurs HTTP détectées: 4
--- Événements d'audit nginx ---
Événements d audit nginx: 37
=== Surveillance nginx + audit - jeu. 16 oct. 2025 14:44:26 CEST ===
--- Activité nginx ---
Erreurs HTTP détectées: 4
--- Événements d'audit nginx ---
Événements d audit nginx: 38
=== Surveillance nginx + audit - jeu. 16 oct. 2025 14:45:35 CEST ===
--- Activité nginx ---
Erreurs HTTP détectées: 4
--- Événements d'audit nginx ---
Événements d audit nginx: 39
=== Surveillance nginx + audit - jeu. 16 oct. 2025 14:46:45 CEST ===
--- Activité nginx ---
Erreurs HTTP détectées: 4
--- Événements d'audit nginx ---
Événements d audit nginx: 40
=== Surveillance nginx + audit - jeu. 16 oct. 2025 14:47:53 CEST ===
--- Activité nginx ---
Erreurs HTTP détectées: 4
--- Événements d'audit nginx ---
Événements d audit nginx: 41
=== Surveillance nginx + audit - jeu. 16 oct. 2025 14:49:05 CEST ===
--- Activité nginx ---
Erreurs HTTP détectées: 4
--- Événements d'audit nginx ---
Événements d audit nginx: 42
=== Surveillance nginx + audit - jeu. 16 oct. 2025 14:50:10 CEST ===
--- Activité nginx ---
Erreurs HTTP détectées: 4
--- Événements d'audit nginx ---
Événements d audit nginx: 43
=== Surveillance nginx + audit - jeu. 16 oct. 2025 14:51:12 CEST ===
--- Activité nginx ---
Erreurs HTTP détectées: 4
--- Événements d'audit nginx ---
Événements d audit nginx: 44
=== Surveillance nginx + audit - jeu. 16 oct. 2025 14:52:15 CEST ===
--- Activité nginx ---
Erreurs HTTP détectées: 4
--- Événements d'audit nginx ---
Événements d audit nginx: 45
=== Surveillance nginx + audit - jeu. 16 oct. 2025 14:53:43 CEST ===
--- Activité nginx ---
Erreurs HTTP détectées: 4
--- Événements d'audit nginx ---
Événements d audit nginx: 46
=== Surveillance nginx + audit - jeu. 16 oct. 2025 14:55:01 CEST ===
--- Activité nginx ---
Erreurs HTTP détectées: 4
--- Événements d'audit nginx ---
Événements d audit nginx: 47
=== Surveillance nginx + audit - jeu. 16 oct. 2025 14:56:12 CEST ===
--- Activité nginx ---
Erreurs HTTP détectées: 4
--- Événements d'audit nginx ---
Événements d audit nginx: 48
=== Surveillance nginx + audit - jeu. 16 oct. 2025 14:57:15 CEST ===
--- Activité nginx ---
Erreurs HTTP détectées: 4
--- Événements d'audit nginx ---
Événements d audit nginx: 49
=== Surveillance nginx + audit - jeu. 16 oct. 2025 14:58:21 CEST ===
--- Activité nginx ---
Erreurs HTTP détectées: 4
--- Événements d'audit nginx ---
Événements d audit nginx: 50
=== Surveillance nginx + audit - jeu. 16 oct. 2025 14:59:29 CEST ===
--- Activité nginx ---
Erreurs HTTP détectées: 4
--- Événements d'audit nginx ---
Événements d audit nginx: 51
=== Surveillance nginx + audit - jeu. 16 oct. 2025 15:00:36 CEST ===
--- Activité nginx ---
Erreurs HTTP détectées: 4
--- Événements d'audit nginx ---
Événements d audit nginx: 52
=== Surveillance nginx + audit - jeu. 16 oct. 2025 15:02:15 CEST ===
--- Activité nginx ---
Erreurs HTTP détectées: 4
--- Événements d'audit nginx ---
Événements d audit nginx: 53
=== Surveillance nginx + audit - jeu. 16 oct. 2025 15:03:26 CEST ===
--- Activité nginx ---
Erreurs HTTP détectées: 4
--- Événements d'audit nginx ---
Événements d audit nginx: 54
=== Surveillance nginx + audit - jeu. 16 oct. 2025 15:04:35 CEST ===
--- Activité nginx ---
Erreurs HTTP détectées: 4
--- Événements d'audit nginx ---
Événements d audit nginx: 55
=== Surveillance nginx + audit - jeu. 16 oct. 2025 15:05:45 CEST ===
--- Activité nginx ---
Erreurs HTTP détectées: 4
--- Événements d'audit nginx ---
Événements d audit nginx: 56
=== Surveillance nginx + audit - jeu. 16 oct. 2025 15:06:54 CEST ===
--- Activité nginx ---
Erreurs HTTP détectées: 4
--- Événements d'audit nginx ---
Événements d audit nginx: 57
=== Surveillance nginx + audit - jeu. 16 oct. 2025 15:07:57 CEST ===
--- Activité nginx ---
Erreurs HTTP détectées: 4
--- Événements d'audit nginx ---
Événements d audit nginx: 58
=== Surveillance nginx + audit - jeu. 16 oct. 2025 15:09:11 CEST ===
--- Activité nginx ---
Erreurs HTTP détectées: 4
--- Événements d'audit nginx ---
Événements d audit nginx: 59
=== Surveillance nginx + audit - jeu. 16 oct. 2025 15:10:38 CEST ===
--- Activité nginx ---
Erreurs HTTP détectées: 4
--- Événements d'audit nginx ---
Événements d audit nginx: 60
=== Surveillance nginx + audit - jeu. 16 oct. 2025 15:11:39 CEST ===
--- Activité nginx ---
Erreurs HTTP détectées: 4
--- Événements d'audit nginx ---
Événements d audit nginx: 61
=== Surveillance nginx + audit - jeu. 16 oct. 2025 15:12:49 CEST ===
--- Activité nginx ---
Erreurs HTTP détectées: 4
--- Événements d'audit nginx ---
Événements d audit nginx: 62
=== Surveillance nginx + audit - jeu. 16 oct. 2025 15:14:05 CEST ===
--- Activité nginx ---
Erreurs HTTP détectées: 4
--- Événements d'audit nginx ---
Événements d audit nginx: 63
=== Surveillance nginx + audit - jeu. 16 oct. 2025 15:15:16 CEST ===
--- Activité nginx ---
Erreurs HTTP détectées: 4
--- Événements d'audit nginx ---
Événements d audit nginx: 64
=== Surveillance nginx + audit - jeu. 16 oct. 2025 15:16:22 CEST ===
--- Activité nginx ---
Erreurs HTTP détectées: 4
--- Événements d'audit nginx ---
Événements d audit nginx: 65
=== Surveillance nginx + audit - jeu. 16 oct. 2025 15:17:33 CEST ===
--- Activité nginx ---
Erreurs HTTP détectées: 4
--- Événements d'audit nginx ---
Événements d audit nginx: 66
=== Surveillance nginx + audit - jeu. 16 oct. 2025 15:18:43 CEST ===
--- Activité nginx ---
Erreurs HTTP détectées: 4
--- Événements d'audit nginx ---
Événements d audit nginx: 67
=== Surveillance nginx + audit - jeu. 16 oct. 2025 15:19:50 CEST ===
--- Activité nginx ---
Erreurs HTTP détectées: 4
--- Événements d'audit nginx ---
Événements d audit nginx: 68
=== Surveillance nginx + audit - jeu. 16 oct. 2025 15:21:06 CEST ===
--- Activité nginx ---
Erreurs HTTP détectées: 4
--- Événements d'audit nginx ---
Événements d audit nginx: 69
=== Surveillance nginx + audit - jeu. 16 oct. 2025 15:22:06 CEST ===
--- Activité nginx ---
Erreurs HTTP détectées: 4
--- Événements d'audit nginx ---
Événements d audit nginx: 70
=== Surveillance nginx + audit - jeu. 16 oct. 2025 15:23:16 CEST ===
--- Activité nginx ---
Erreurs HTTP détectées: 4
--- Événements d'audit nginx ---
Événements d audit nginx: 71
=== Surveillance nginx + audit - jeu. 16 oct. 2025 15:24:23 CEST ===
--- Activité nginx ---
Erreurs HTTP détectées: 4
--- Événements d'audit nginx ---
Événements d audit nginx: 72
=== Surveillance nginx + audit - jeu. 16 oct. 2025 15:25:45 CEST ===
--- Activité nginx ---
Erreurs HTTP détectées: 4
--- Événements d'audit nginx ---
Événements d audit nginx: 73
=== Surveillance nginx + audit - jeu. 16 oct. 2025 15:26:56 CEST ===
--- Activité nginx ---
Erreurs HTTP détectées: 4
--- Événements d'audit nginx ---
Événements d audit nginx: 74
=== Surveillance nginx + audit - jeu. 16 oct. 2025 15:28:05 CEST ===
--- Activité nginx ---
Erreurs HTTP détectées: 4
--- Événements d'audit nginx ---
Événements d audit nginx: 75
=== Surveillance nginx + audit - jeu. 16 oct. 2025 15:29:15 CEST ===
--- Activité nginx ---
Erreurs HTTP détectées: 4
--- Événements d'audit nginx ---
Événements d audit nginx: 76
=== Surveillance nginx + audit - jeu. 16 oct. 2025 15:30:25 CEST ===
--- Activité nginx ---
Erreurs HTTP détectées: 4
--- Événements d'audit nginx ---
Événements d audit nginx: 77
=== Surveillance nginx + audit - jeu. 16 oct. 2025 15:31:35 CEST ===
--- Activité nginx ---
Erreurs HTTP détectées: 4
--- Événements d'audit nginx ---
Événements d audit nginx: 78
=== Surveillance nginx + audit - jeu. 16 oct. 2025 15:32:45 CEST ===
--- Activité nginx ---
Erreurs HTTP détectées: 4
--- Événements d'audit nginx ---
Événements d audit nginx: 79
=== Surveillance nginx + audit - jeu. 16 oct. 2025 15:33:55 CEST ===
--- Activité nginx ---
Erreurs HTTP détectées: 4
--- Événements d'audit nginx ---
Événements d audit nginx: 80
=== Surveillance nginx + audit - jeu. 16 oct. 2025 15:35:03 CEST ===
--- Activité nginx ---
Erreurs HTTP détectées: 4
--- Événements d'audit nginx ---
Événements d audit nginx: 81
=== Surveillance nginx + audit - jeu. 16 oct. 2025 15:36:13 CEST ===
--- Activité nginx ---
Erreurs HTTP détectées: 4
--- Événements d'audit nginx ---
Événements d audit nginx: 82
=== Surveillance nginx + audit - jeu. 16 oct. 2025 15:37:16 CEST ===
--- Activité nginx ---
Erreurs HTTP détectées: 4
--- Événements d'audit nginx ---
Événements d audit nginx: 83
=== Surveillance nginx + audit - jeu. 16 oct. 2025 15:38:35 CEST ===
--- Activité nginx ---
Erreurs HTTP détectées: 4
--- Événements d'audit nginx ---
Événements d audit nginx: 84
=== Surveillance nginx + audit - jeu. 16 oct. 2025 15:39:38 CEST ===
--- Activité nginx ---
Erreurs HTTP détectées: 4
--- Événements d'audit nginx ---
Événements d audit nginx: 85
=== Surveillance nginx + audit - jeu. 16 oct. 2025 15:40:43 CEST ===
--- Activité nginx ---
Erreurs HTTP détectées: 4
--- Événements d'audit nginx ---
Événements d audit nginx: 86
=== Surveillance nginx + audit - jeu. 16 oct. 2025 15:41:55 CEST ===
--- Activité nginx ---
Erreurs HTTP détectées: 4
--- Événements d'audit nginx ---
Événements d audit nginx: 87
