=== Surveillance nginx + audit - mer. 15 oct. 2025 18:07:47 CEST ===
--- Activité nginx ---
Aucune erreur récente
--- Événements d'audit nginx ---
Événements d audit nginx: 1
=== Surveillance nginx + audit - mer. 15 oct. 2025 18:08:38 CEST ===
--- Activité nginx ---
Erreurs HTTP détectées: 2
--- Événements d'audit nginx ---
Événements d audit nginx: 1
=== Surveillance nginx + audit - mer. 15 oct. 2025 18:16:43 CEST ===
--- Activité nginx ---
Erreurs HTTP détectées: 2
--- Événements d'audit nginx ---
Événements d audit nginx: 1
=== Surveillance nginx + audit - mer. 15 oct. 2025 18:43:05 CEST ===
--- Activité nginx ---
Erreurs HTTP détectées: 2
--- Événements d'audit nginx ---
Événements d audit nginx: 1
=== Surveillance nginx + audit - mer. 15 oct. 2025 18:44:11 CEST ===
--- Activité nginx ---
Erreurs HTTP détectées: 2
--- Événements d'audit nginx ---
Événements d audit nginx: 1
=== Surveillance nginx + audit - mer. 15 oct. 2025 18:45:12 CEST ===
--- Activité nginx ---
Erreurs HTTP détectées: 2
--- Événements d'audit nginx ---
Événements d audit nginx: 1
=== Surveillance nginx + audit - mer. 15 oct. 2025 18:46:22 CEST ===
--- Activité nginx ---
Erreurs HTTP détectées: 2
--- Événements d'audit nginx ---
Événements d audit nginx: 1
=== Surveillance nginx + audit - mer. 15 oct. 2025 18:47:32 CEST ===
--- Activité nginx ---
Erreurs HTTP détectées: 2
--- Événements d'audit nginx ---
Événements d audit nginx: 1
=== Surveillance nginx + audit - mer. 15 oct. 2025 18:48:37 CEST ===
--- Activité nginx ---
Erreurs HTTP détectées: 2
--- Événements d'audit nginx ---
Événements d audit nginx: 1
=== Surveillance nginx + audit - mer. 15 oct. 2025 18:49:43 CEST ===
--- Activité nginx ---
Erreurs HTTP détectées: 2
--- Événements d'audit nginx ---
Événements d audit nginx: 1
=== Surveillance nginx + audit - mer. 15 oct. 2025 18:50:50 CEST ===
--- Activité nginx ---
Erreurs HTTP détectées: 2
--- Événements d'audit nginx ---
Événements d audit nginx: 1
=== Surveillance nginx + audit - mer. 15 oct. 2025 18:52:12 CEST ===
--- Activité nginx ---
Erreurs HTTP détectées: 2
--- Événements d'audit nginx ---
Événements d audit nginx: 1
=== Surveillance nginx + audit - mer. 15 oct. 2025 18:53:19 CEST ===
--- Activité nginx ---
Erreurs HTTP détectées: 2
--- Événements d'audit nginx ---
Événements d audit nginx: 1
